
  .   ____          _            __ _ _
 /\\ / ___'_ __ _ _(_)_ __  __ _ \ \ \ \
( ( )\___ | '_ | '_| | '_ \/ _` | \ \ \ \
 \\/  ___)| |_)| | | | | || (_| |  ) ) ) )
  '  |____| .__|_| |_|_| |_\__, | / / / /
 =========|_|==============|___/=/_/_/_/

[32m :: Spring Boot :: [39m              [2m (v3.4.0)[0;39m

[2m2026-07-16T04:00:15.395-05:00[0;39m [32m INFO[0;39m [35m32480[0;39m [2m--- [project2_personal_portfolio_tracker] [  restartedMain] [0;39m[36mject2PersonalPortfolioTrackerApplication[0;39m [2m:[0;39m Starting Project2PersonalPortfolioTrackerApplication using Java 21.0.11 with PID 32480 (C:\Projects\personal-portfolio-tracker\project2_personal_portfolio_tracker\target\classes started by ginap in C:\Projects\personal-portfolio-tracker\project2_personal_portfolio_tracker)
[2m2026-07-16T04:00:15.397-05:00[0;39m [32m INFO[0;39m [35m32480[0;39m [2m--- [project2_personal_portfolio_tracker] [  restartedMain] [0;39m[36mject2PersonalPortfolioTrackerApplication[0;39m [2m:[0;39m No active profile set, falling back to 1 default profile: "default"
[2m2026-07-16T04:00:15.422-05:00[0;39m [32m INFO[0;39m [35m32480[0;39m [2m--- [project2_personal_portfolio_tracker] [  restartedMain] [0;39m[36m.e.DevToolsPropertyDefaultsPostProcessor[0;39m [2m:[0;39m Devtools property defaults active! Set 'spring.devtools.add-properties' to 'false' to disable
[2m2026-07-16T04:00:15.422-05:00[0;39m [32m INFO[0;39m [35m32480[0;39m [2m--- [project2_personal_portfolio_tracker] [  restartedMain] [0;39m[36m.e.DevToolsPropertyDefaultsPostProcessor[0;39m [2m:[0;39m For additional web related logging consider setting the 'logging.level.web' property to 'DEBUG'
[2m2026-07-16T04:00:16.020-05:00[0;39m [32m INFO[0;39m [35m32480[0;39m [2m--- [project2_personal_portfolio_tracker] [  restartedMain] [0;39m[36m.s.d.r.c.RepositoryConfigurationDelegate[0;39m [2m:[0;39m Bootstrapping Spring Data JPA repositories in DEFAULT mode.
[2m2026-07-16T04:00:16.067-05:00[0;39m [32m INFO[0;39m [35m32480[0;39m [2m--- [project2_personal_portfolio_tracker] [  restartedMain] [0;39m[36m.s.d.r.c.RepositoryConfigurationDelegate[0;39m [2m:[0;39m Finished Spring Data repository scanning in 40 ms. Found 4 JPA repository interfaces.
[2m2026-07-16T04:00:16.609-05:00[0;39m [32m INFO[0;39m [35m32480[0;39m [2m--- [project2_personal_portfolio_tracker] [  restartedMain] [0;39m[36mo.s.b.w.embedded.tomcat.TomcatWebServer [0;39m [2m:[0;39m Tomcat initialized with port 8080 (http)
[2m2026-07-16T04:00:16.617-05:00[0;39m [32m INFO[0;39m [35m32480[0;39m [2m--- [project2_personal_portfolio_tracker] [  restartedMain] [0;39m[36mo.apache.catalina.core.StandardService  [0;39m [2m:[0;39m Starting service [Tomcat]
[2m2026-07-16T04:00:16.618-05:00[0;39m [32m INFO[0;39m [35m32480[0;39m [2m--- [project2_personal_portfolio_tracker] [  restartedMain] [0;39m[36mo.apache.catalina.core.StandardEngine   [0;39m [2m:[0;39m Starting Servlet engine: [Apache Tomcat/10.1.33]
[2m2026-07-16T04:00:16.650-05:00[0;39m [32m INFO[0;39m [35m32480[0;39m [2m--- [project2_personal_portfolio_tracker] [  restartedMain] [0;39m[36mo.a.c.c.C.[Tomcat].[localhost].[/]      [0;39m [2m:[0;39m Initializing Spring embedded WebApplicationContext
[2m2026-07-16T04:00:16.651-05:00[0;39m [32m INFO[0;39m [35m32480[0;39m [2m--- [project2_personal_portfolio_tracker] [  restartedMain] [0;39m[36mw.s.c.ServletWebServerApplicationContext[0;39m [2m:[0;39m Root WebApplicationContext: initialization completed in 1228 ms
[2m2026-07-16T04:00:16.866-05:00[0;39m [32m INFO[0;39m [35m32480[0;39m [2m--- [project2_personal_portfolio_tracker] [  restartedMain] [0;39m[36mo.hibernate.jpa.internal.util.LogHelper [0;39m [2m:[0;39m HHH000204: Processing PersistenceUnitInfo [name: default]
[2m2026-07-16T04:00:16.903-05:00[0;39m [32m INFO[0;39m [35m32480[0;39m [2m--- [project2_personal_portfolio_tracker] [  restartedMain] [0;39m[36morg.hibernate.Version                   [0;39m [2m:[0;39m HHH000412: Hibernate ORM core version 6.6.2.Final
[2m2026-07-16T04:00:16.923-05:00[0;39m [32m INFO[0;39m [35m32480[0;39m [2m--- [project2_personal_portfolio_tracker] [  restartedMain] [0;39m[36mo.h.c.internal.RegionFactoryInitiator   [0;39m [2m:[0;39m HHH000026: Second-level cache disabled
[2m2026-07-16T04:00:17.103-05:00[0;39m [32m INFO[0;39m [35m32480[0;39m [2m--- [project2_personal_portfolio_tracker] [  restartedMain] [0;39m[36mo.s.o.j.p.SpringPersistenceUnitInfo     [0;39m [2m:[0;39m No LoadTimeWeaver setup: ignoring JPA class transformer
[2m2026-07-16T04:00:17.126-05:00[0;39m [32m INFO[0;39m [35m32480[0;39m [2m--- [project2_personal_portfolio_tracker] [  restartedMain] [0;39m[36mcom.zaxxer.hikari.HikariDataSource      [0;39m [2m:[0;39m HikariPool-1 - Starting...
[2m2026-07-16T04:00:17.266-05:00[0;39m [32m INFO[0;39m [35m32480[0;39m [2m--- [project2_personal_portfolio_tracker] [  restartedMain] [0;39m[36mcom.zaxxer.hikari.pool.HikariPool       [0;39m [2m:[0;39m HikariPool-1 - Added connection org.postgresql.jdbc.PgConnection@7ee4f1ca
[2m2026-07-16T04:00:17.267-05:00[0;39m [32m INFO[0;39m [35m32480[0;39m [2m--- [project2_personal_portfolio_tracker] [  restartedMain] [0;39m[36mcom.zaxxer.hikari.HikariDataSource      [0;39m [2m:[0;39m HikariPool-1 - Start completed.
[2m2026-07-16T04:00:17.322-05:00[0;39m [32m INFO[0;39m [35m32480[0;39m [2m--- [project2_personal_portfolio_tracker] [  restartedMain] [0;39m[36morg.hibernate.orm.connections.pooling   [0;39m [2m:[0;39m HHH10001005: Database info:
	Database JDBC URL [Connecting through datasource 'HikariDataSource (HikariPool-1)']
	Database driver: undefined/unknown
	Database version: 18.4
	Autocommit mode: undefined/unknown
	Isolation level: undefined/unknown
	Minimum pool size: undefined/unknown
	Maximum pool size: undefined/unknown
[2m2026-07-16T04:00:18.028-05:00[0;39m [32m INFO[0;39m [35m32480[0;39m [2m--- [project2_personal_portfolio_tracker] [  restartedMain] [0;39m[36mo.h.e.t.j.p.i.JtaPlatformInitiator      [0;39m [2m:[0;39m HHH000489: No JTA platform available (set 'hibernate.transaction.jta.platform' to enable JTA platform integration)
[2m2026-07-16T04:00:18.030-05:00[0;39m [32m INFO[0;39m [35m32480[0;39m [2m--- [project2_personal_portfolio_tracker] [  restartedMain] [0;39m[36mj.LocalContainerEntityManagerFactoryBean[0;39m [2m:[0;39m Initialized JPA EntityManagerFactory for persistence unit 'default'
[2m2026-07-16T04:00:18.298-05:00[0;39m [32m INFO[0;39m [35m32480[0;39m [2m--- [project2_personal_portfolio_tracker] [  restartedMain] [0;39m[36mo.s.d.j.r.query.QueryEnhancerFactory    [0;39m [2m:[0;39m Hibernate is in classpath; If applicable, HQL parser will be used.
[2m2026-07-16T04:00:18.788-05:00[0;39m [33m WARN[0;39m [35m32480[0;39m [2m--- [project2_personal_portfolio_tracker] [  restartedMain] [0;39m[36mJpaBaseConfiguration$JpaWebConfiguration[0;39m [2m:[0;39m spring.jpa.open-in-view is enabled by default. Therefore, database queries may be performed during view rendering. Explicitly configure spring.jpa.open-in-view to disable this warning
[2m2026-07-16T04:00:18.826-05:00[0;39m [32m INFO[0;39m [35m32480[0;39m [2m--- [project2_personal_portfolio_tracker] [  restartedMain] [0;39m[36mr$InitializeUserDetailsManagerConfigurer[0;39m [2m:[0;39m Global AuthenticationManager configured with UserDetailsService bean with name userService
[2m2026-07-16T04:00:19.146-05:00[0;39m [32m INFO[0;39m [35m32480[0;39m [2m--- [project2_personal_portfolio_tracker] [  restartedMain] [0;39m[36mo.s.b.a.e.web.EndpointLinksResolver     [0;39m [2m:[0;39m Exposing 1 endpoint beneath base path '/actuator'
[2m2026-07-16T04:00:19.445-05:00[0;39m [32m INFO[0;39m [35m32480[0;39m [2m--- [project2_personal_portfolio_tracker] [  restartedMain] [0;39m[36mo.s.b.d.a.OptionalLiveReloadServer      [0;39m [2m:[0;39m LiveReload server is running on port 35729
[2m2026-07-16T04:00:19.499-05:00[0;39m [32m INFO[0;39m [35m32480[0;39m [2m--- [project2_personal_portfolio_tracker] [  restartedMain] [0;39m[36mo.s.b.w.embedded.tomcat.TomcatWebServer [0;39m [2m:[0;39m Tomcat started on port 8080 (http) with context path '/'
[2m2026-07-16T04:00:19.507-05:00[0;39m [32m INFO[0;39m [35m32480[0;39m [2m--- [project2_personal_portfolio_tracker] [  restartedMain] [0;39m[36mject2PersonalPortfolioTrackerApplication[0;39m [2m:[0;39m Started Project2PersonalPortfolioTrackerApplication in 4.417 seconds (process running for 4.698)
[2m2026-07-16T04:00:21.693-05:00[0;39m [32m INFO[0;39m [35m32480[0;39m [2m--- [project2_personal_portfolio_tracker] [nio-8080-exec-1] [0;39m[36mo.a.c.c.C.[Tomcat].[localhost].[/]      [0;39m [2m:[0;39m Initializing Spring DispatcherServlet 'dispatcherServlet'
[2m2026-07-16T04:00:21.693-05:00[0;39m [32m INFO[0;39m [35m32480[0;39m [2m--- [project2_personal_portfolio_tracker] [nio-8080-exec-1] [0;39m[36mo.s.web.servlet.DispatcherServlet       [0;39m [2m:[0;39m Initializing Servlet 'dispatcherServlet'
[2m2026-07-16T04:00:21.695-05:00[0;39m [32m INFO[0;39m [35m32480[0;39m [2m--- [project2_personal_portfolio_tracker] [nio-8080-exec-1] [0;39m[36mo.s.web.servlet.DispatcherServlet       [0;39m [2m:[0;39m Completed initialization in 2 ms
[2m2026-07-16T04:00:29.442-05:00[0;39m [33m WARN[0;39m [35m32480[0;39m [2m--- [project2_personal_portfolio_tracker] [nio-8080-exec-4] [0;39m[36mration$PageModule$WarningLoggingModifier[0;39m [2m:[0;39m Serializing PageImpl instances as-is is not supported, meaning that there is no guarantee about the stability of the resulting JSON structure!
	For a stable JSON structure, please use Spring Data's PagedModel (globally via @EnableSpringDataWebSupport(pageSerializationMode = VIA_DTO))
	or Spring HATEOAS and Spring Data's PagedResourcesAssembler as documented in https://docs.spring.io/spring-data/commons/reference/repositories/core-extensions.html#core.web.pageables.

[2m2026-07-16T04:11:52.041-05:00[0;39m [33m WARN[0;39m [35m32480[0;39m [2m--- [project2_personal_portfolio_tracker] [nio-8080-exec-2] [0;39m[36m.m.m.a.ExceptionHandlerExceptionResolver[0;39m [2m:[0;39m Resolved [org.springframework.web.server.ResponseStatusException: 409 CONFLICT "Nickname is already in use."]
